
Attaching package: ‘dplyr’

The following objects are masked from ‘package:stats’:

    filter, lag

The following objects are masked from ‘package:base’:

    intersect, setdiff, setequal, union

             var block var_model   var_tau1   var_tau2      o_year1
1           prev   key      1exp 30.1351776         NA -0.361538973
2     incid_rate   key      1exp 19.1278524         NA  1.673222308
3        dx_frac   key      2exp  1.1168388   27.10322  0.404104207
4      supp_frac   key      1exp  1.6063365         NA -0.062573626
5       prep_cov   key      1exp  0.7147755         NA  0.151135332
6         prev.B   key      1exp 27.1844666         NA -0.694962543
7   incid_rate.B   key      1exp 10.1517786         NA  1.298606214
8      dx_frac.B   key      2exp  1.2286696   25.53329  0.791045046
9    supp_frac.B   key      1exp  1.7166097         NA  0.157488559
10    prep_cov.B   key      1exp  0.6566553         NA -0.143408338
11        prev.H   key      1exp 15.2667300         NA -0.478066231
12  incid_rate.H   key      2exp  0.1000000 1000.00000  0.199628576
13     dx_frac.H   key      2exp  1.8126518   71.17794 -1.516272602
14   supp_frac.H   key      2exp  1.6214879 1000.00000 -1.440958586
15    prep_cov.H   key      1exp  0.7117082         NA -0.975993914
16        prev.W   key      2exp 27.9962620 1000.00000  0.166321525
17  incid_rate.W   key      1exp 36.2092015         NA  1.220825059
18     dx_frac.W   key      2exp  1.3747271   53.40070 -0.198679394
19   supp_frac.W   key      1exp  1.4954302         NA -0.063129465
20    prep_cov.W   key      1exp  0.7166405         NA  0.886236728
21     gono_prev   key      2exp  1.1765554   20.66566  1.364885654
22       gono_ir   key      2exp  0.9892056   20.24455  1.881424056
23     chla_prev   key      2exp 11.8254057  310.41137 -4.354934040
24       chla_ir   key      2exp 13.0329306  377.58616 -3.055253840
25     syph_prev   key      2exp  2.1955847   63.63810 -1.042337525
26       syph_ir   key      2exp  1.1693407   70.68458 -0.315283925
27           num   key      2exp 20.7892691  217.60257 -1.523244231
28         num.B state      1exp 21.5763128         NA -0.353282847
29     hiv.inf.B state      1exp 26.8116364         NA -0.766839938
30      hiv.dx.B state      1exp 27.6901922         NA -0.556400444
31      hiv.tx.B state      1exp 25.5164747         NA -0.644462366
32    hiv.supp.B state      1exp 25.4046364         NA -0.627374432
33        prep.B state      1exp 26.4313300         NA  0.481777152
34  prep.indic.B state      1exp 24.8869039         NA  0.901622850
35         num.H state      1exp 26.4464410         NA -2.124409898
36     hiv.inf.H state      1exp 20.0390819         NA -1.162112477
37      hiv.dx.H state      1exp 21.4428612         NA -1.593149789
38      hiv.tx.H state      2exp  2.4754551   26.12581 -1.724669476
39    hiv.supp.H state      2exp  2.4798507   26.37543 -1.762702053
40        prep.H state      2exp  0.5496806   23.81357 -1.295335615
41  prep.indic.H state      1exp 25.1594917         NA -0.864217916
42         num.W state      1exp 20.4452462         NA -1.210405393
43     hiv.inf.W state      2exp 27.0361976 1000.00000 -0.045089682
44      hiv.dx.W state      2exp 27.7253678 1000.00000 -0.087523276
45      hiv.tx.W state      2exp  7.4947985   39.39547 -0.064823636
46    hiv.supp.W state      2exp  7.1370518   39.23211 -0.066585213
47        prep.W state      1exp 16.3905363         NA -0.000548298
48  prep.indic.W state      1exp 19.3799236         NA -0.983380279
49 gono.uret.inf state      2exp  1.0657597   21.10878  1.391006257
50 gono.rect.inf state      2exp  1.2017212   21.03384  1.263620103
51 chla.uret.inf state      2exp 12.3112130  431.34223 -4.773983737
52 chla.rect.inf state      2exp 12.5845165  346.52845 -4.089115943
53      syph.inf state      2exp  2.1796104   60.85821 -1.056830825
       T_var_0.05    T_var_0.1   T_var_0.2   T_mean_0.1  T_mean_0.2
1    94 [76, 599] 73 [59, 131] 52 [43, 71] 83 [74, 119] 74 [67, 91]
2      15 [0, 35]    2 [0, 11]    0 [0, 0]  55 [47, 64] 39 [34, 45]
3     44 [27, 78]  26 [13, 45]   7 [4, 16] 94 [18, 111] 60 [15, 77]
4       6 [5, 63]    5 [4, 13]    4 [3, 5]   39 [8, 57]   4 [2, 14]
5        3 [2, 3]     2 [2, 2]    2 [2, 2]  24 [20, 28] 17 [14, 20]
6    85 [69, 143]  66 [54, 84] 48 [39, 58] 82 [73, 118] 74 [66, 86]
7      11 [5, 20]     4 [0, 9]    0 [0, 2]  56 [48, 68] 37 [33, 44]
8     46 [27, 81]  28 [17, 47]  11 [6, 18] 19 [18, 138] 17 [15, 72]
9       6 [5, 13]     5 [4, 7]    4 [3, 5]    2 [0, 46]    0 [0, 6]
10       2 [2, 4]     2 [2, 3]    2 [2, 2]  40 [24, 50]   0 [0, 14]
11   48 [39, 597]  37 [30, 62] 26 [22, 34]  63 [47, 86] 48 [38, 63]
12       0 [0, 1]     0 [0, 1]    0 [0, 1]  16 [11, 22]    5 [0, 9]
13     12 [6, 99]    6 [4, 18]    4 [3, 7]  50 [27, 87] 31 [10, 41]
14     8 [5, 405]     6 [4, 9]    4 [3, 6]   10 [8, 39]    8 [7, 9]
15       3 [2, 3]     2 [2, 3]    2 [2, 2]     3 [3, 5]    2 [2, 3]
16 230 [75, 1264] 88 [58, 571] 54 [41, 87] 85 [73, 162] 72 [64, 94]
17     14 [0, 40]     0 [0, 7]    0 [0, 1]  50 [40, 60] 30 [25, 36]
18    40 [6, 212]    8 [4, 28]    4 [3, 6]  14 [12, 56] 12 [11, 15]
19      6 [5, 36]    4 [4, 15]    4 [3, 5]    9 [8, 25]   8 [7, 14]
20       3 [2, 3]     2 [2, 3]    2 [2, 2]    3 [2, 14]    2 [2, 3]
21   51 [34, 765]  36 [24, 74] 22 [14, 30]  36 [32, 40] 30 [26, 33]
22   49 [35, 614]  35 [25, 63] 21 [14, 30]  35 [32, 39] 29 [26, 32]
23  183 [44, 789] 42 [29, 162] 22 [13, 35]  54 [44, 70] 41 [34, 51]
24  171 [41, 764] 42 [29, 174] 23 [16, 34]  53 [43, 69] 40 [33, 50]
25  104 [45, 282] 59 [29, 114]  16 [8, 31]  62 [49, 77] 45 [36, 54]
26   96 [40, 306] 47 [20, 111]   6 [4, 20]  58 [47, 72] 41 [34, 52]
27  155 [63, 869] 75 [49, 281] 45 [35, 69] 48 [41, 191] 42 [36, 54]
28   68 [53, 364] 53 [42, 113] 38 [30, 55]   6 [0, 612]   2 [0, 61]
29   85 [69, 112]  66 [54, 86] 48 [39, 60] 82 [72, 115] 73 [66, 86]
30   88 [73, 110]  69 [57, 86] 50 [42, 61] 84 [76, 127] 75 [68, 87]
31   77 [61, 101]  60 [47, 75] 42 [34, 52] 80 [70, 119] 72 [63, 84]
32   77 [59, 105]  59 [46, 78] 42 [32, 54] 80 [72, 106] 72 [65, 84]
33    63 [47, 96]  45 [34, 63] 27 [21, 36]  78 [69, 92] 68 [60, 78]
34   75 [61, 166]  58 [47, 83] 40 [34, 51] 82 [72, 115] 73 [65, 81]
35   82 [66, 189]  64 [52, 91] 46 [37, 59] 63 [54, 161] 53 [46, 64]
36   62 [50, 782] 48 [39, 101] 34 [28, 43] 29 [20, 115]  19 [8, 48]
37   67 [53, 789] 52 [41, 112] 37 [30, 46] 56 [22, 148]  38 [9, 53]
38   70 [53, 682]  51 [40, 82] 33 [27, 39] 52 [21, 107]  30 [8, 50]
39   70 [50, 698]  52 [38, 88] 33 [25, 41] 52 [21, 118]  30 [9, 43]
40    48 [34, 71]  32 [23, 45] 15 [11, 22]  61 [54, 74] 50 [45, 56]
41   73 [51, 214] 56 [40, 103] 38 [28, 50] 66 [55, 108] 56 [49, 67]
42   66 [51, 295]  51 [40, 72] 37 [29, 49]  50 [44, 82] 44 [39, 56]
43 299 [72, 1223] 88 [56, 530] 54 [40, 83] 92 [78, 174] 74 [64, 95]
44 270 [80, 1123] 90 [62, 440] 56 [44, 78] 94 [80, 133] 76 [64, 90]
45  109 [77, 896] 82 [59, 211] 54 [41, 72] 90 [73, 131] 72 [60, 90]
46  108 [74, 971] 82 [57, 279] 54 [40, 70] 90 [76, 140] 72 [62, 96]
47    42 [31, 63]  30 [23, 44] 19 [14, 26] 64 [55, 102] 51 [44, 71]
48   59 [46, 587]  45 [36, 79] 32 [25, 45] 75 [60, 104] 60 [51, 78]
49   51 [35, 628]  37 [25, 75] 22 [15, 30]  35 [31, 39] 29 [26, 32]
50   52 [36, 641]  37 [27, 66] 22 [16, 32]  35 [31, 39] 29 [26, 32]
51  187 [46, 778] 40 [29, 173] 22 [15, 33]  54 [43, 67] 40 [32, 49]
52  199 [46, 887] 45 [30, 205] 24 [16, 38]  53 [44, 70] 39 [33, 50]
53  101 [44, 247] 59 [23, 118]  17 [8, 36]  62 [51, 77] 44 [37, 54]
              var           stat    est       lo         hi
1            prev B_between_0.05  86.25 63.74375  647.23750
2            prev  B_between_0.1  65.75 48.73125  140.90000
3            prev  B_between_0.2  45.00 33.73125   64.78750
4      incid_rate B_between_0.05  60.75 33.23750  258.80000
5      incid_rate  B_between_0.1  42.00 23.23750   80.86250
6      incid_rate  B_between_0.2  23.50 12.49375   39.81875
7         dx_frac B_between_0.05  60.50 29.70625  114.80625
8         dx_frac  B_between_0.1  41.00 19.75000   72.81875
9         dx_frac  B_between_0.2  21.25  9.73750   38.31250
10      supp_frac B_between_0.05  45.25  0.00000  156.22500
11      supp_frac  B_between_0.1  11.50  0.00000   69.28125
12      supp_frac  B_between_0.2   0.00  0.00000   13.80000
13       prep_cov B_between_0.05  20.00  0.00000   96.06250
14       prep_cov  B_between_0.1   7.00  0.00000   35.02500
15       prep_cov  B_between_0.2   0.00  0.00000    8.00000
16         prev.B B_between_0.05  79.75 60.00000  215.88125
17         prev.B  B_between_0.1  60.75 45.99375   81.81875
18         prev.B  B_between_0.2  41.50 31.74375   54.26875
19   incid_rate.B B_between_0.05  49.00 24.46250  152.27500
20   incid_rate.B  B_between_0.1  34.00 16.48125   56.83750
21   incid_rate.B  B_between_0.2  19.00  7.25000   31.51250
22      dx_frac.B B_between_0.05  57.25 26.24375   97.06250
23      dx_frac.B  B_between_0.1  39.50 18.49375   63.76875
24      dx_frac.B  B_between_0.2  21.75  9.97500   34.75000
25    supp_frac.B B_between_0.05   0.25  0.00000  137.45625
26    supp_frac.B  B_between_0.1   0.00  0.00000   27.38750
27    supp_frac.B  B_between_0.2   0.00  0.00000    0.00625
28     prep_cov.B B_between_0.05  61.00 28.46250  112.80000
29     prep_cov.B  B_between_0.1  34.50  8.90625   69.51875
30     prep_cov.B  B_between_0.2   8.00  0.00000   25.26250
31         prev.H B_between_0.05  34.25 22.73750  317.08750
32         prev.H  B_between_0.1  25.75 16.99375   47.60000
33         prev.H  B_between_0.2  17.00 11.25000   27.50625
34   incid_rate.H B_between_0.05   8.00  0.00000  345.17500
35   incid_rate.H  B_between_0.1   4.75  0.00000   23.04375
36   incid_rate.H  B_between_0.2   1.50  0.00000    7.01875
37      dx_frac.H B_between_0.05  78.25  0.00000  554.10625
38      dx_frac.H  B_between_0.1   0.00  0.00000  105.30625
39      dx_frac.H  B_between_0.2   0.00  0.00000    5.75625
40    supp_frac.H B_between_0.05 410.50  0.00000 1013.78750
41    supp_frac.H  B_between_0.1   0.00  0.00000  342.65625
42    supp_frac.H  B_between_0.2   0.00  0.00000    2.00625
43     prep_cov.H B_between_0.05   4.50  0.00000   35.02500
44     prep_cov.H  B_between_0.1   0.50  0.00000   15.75625
45     prep_cov.H  B_between_0.2   0.00  0.00000    4.75625
46         prev.W B_between_0.05 240.00 62.24375 1434.08750
47         prev.W  B_between_0.1 113.50 47.22500  741.08750
48         prev.W  B_between_0.2  46.00 30.48750  126.31875
49   incid_rate.W B_between_0.05 130.25 58.41875  926.20000
50   incid_rate.W  B_between_0.1  82.25 28.73750  302.91250
51   incid_rate.W  B_between_0.2  34.50  5.70000   71.50625
52      dx_frac.W B_between_0.05  57.25  7.92500  373.52500
53      dx_frac.W  B_between_0.1  24.25  0.00000   91.73125
54      dx_frac.W  B_between_0.2   0.00  0.00000   17.53125
55    supp_frac.W B_between_0.05   0.00  0.00000   29.61250
56    supp_frac.W  B_between_0.1   0.00  0.00000    2.80625
57    supp_frac.W  B_between_0.2   0.00  0.00000    0.00000
58     prep_cov.W B_between_0.05  44.50  0.00000  361.46250
59     prep_cov.W  B_between_0.1   0.00  0.00000   63.51250
60     prep_cov.W  B_between_0.2   0.00  0.00000    0.00000
61      gono_prev B_between_0.05  52.25 33.74375  851.60000
62      gono_prev  B_between_0.1  37.75 24.73125  173.79375
63      gono_prev  B_between_0.2  23.50 15.23750   38.26250
64        gono_ir B_between_0.05  51.25 33.23125  806.60000
65        gono_ir  B_between_0.1  37.25 23.24375  132.57500
66        gono_ir  B_between_0.2  23.00 13.49375   40.52500
67      chla_prev B_between_0.05 706.75 51.08750 1204.58750
68      chla_prev  B_between_0.1  89.00 35.16875  511.34375
69      chla_prev  B_between_0.2  33.00 17.97500   74.52500
70        chla_ir B_between_0.05 715.50 51.70625 1249.14375
71        chla_ir  B_between_0.1  91.00 35.97500  562.63750
72        chla_ir  B_between_0.2  33.00 19.00000   78.20000
73      syph_prev B_between_0.05 114.75 64.73125  804.10625
74      syph_prev  B_between_0.1  79.00 45.93750  217.45000
75      syph_prev  B_between_0.2  43.25 23.48750   71.77500
76        syph_ir B_between_0.05 112.50 65.21875 1057.48750
77        syph_ir  B_between_0.1  77.00 44.49375  383.25000
78        syph_ir  B_between_0.2  41.50 24.74375   82.77500
79            num B_between_0.05  68.75 50.99375 1154.50625
80            num  B_between_0.1  52.00 38.74375  481.43750
81            num  B_between_0.2  35.50 26.49375   62.50625
82          num.B B_between_0.05  56.50 40.49375  574.83125
83          num.B  B_between_0.1  42.75 30.99375   95.67500
84          num.B  B_between_0.2  29.25 21.49375   43.77500
85      hiv.inf.B B_between_0.05  77.75 59.74375  106.27500
86      hiv.inf.B  B_between_0.1  59.50 45.74375   80.25625
87      hiv.inf.B  B_between_0.2  41.00 31.49375   54.51250
88       hiv.dx.B B_between_0.05  82.50 63.23750  105.06250
89       hiv.dx.B  B_between_0.1  63.25 48.74375   80.54375
90       hiv.dx.B  B_between_0.2  44.00 34.25000   54.52500
91       hiv.tx.B B_between_0.05  76.00 55.25000  111.11875
92       hiv.tx.B  B_between_0.1  57.50 41.99375   76.25625
93       hiv.tx.B  B_between_0.2  39.00 28.73750   50.76875
94     hiv.supp.B B_between_0.05  75.75 53.48750  106.00625
95     hiv.supp.B  B_between_0.1  57.25 40.24375   80.00625
96     hiv.supp.B  B_between_0.2  39.00 27.25000   54.00625
97         prep.B B_between_0.05  74.75 53.22500  140.33125
98         prep.B  B_between_0.1  55.75 39.74375   82.76250
99         prep.B  B_between_0.2  36.75 25.99375   52.25625
100  prep.indic.B B_between_0.05  70.25 54.50000  163.83125
101  prep.indic.B  B_between_0.1  53.25 41.49375   82.55625
102  prep.indic.B  B_between_0.2  36.25 28.24375   50.00625
103         num.H B_between_0.05  68.00 52.23125  234.57500
104         num.H  B_between_0.1  51.75 39.49375   82.31875
105         num.H  B_between_0.2  35.25 27.00000   50.00000
106     hiv.inf.H B_between_0.05  48.50 32.43125  691.22500
107     hiv.inf.H  B_between_0.1  36.50 24.45000  108.80000
108     hiv.inf.H  B_between_0.2  24.25 15.98125   36.26875
109      hiv.dx.H B_between_0.05  51.25 34.46875  672.89375
110      hiv.dx.H  B_between_0.1  38.75 26.21875   73.35000
111      hiv.dx.H  B_between_0.2  26.25 18.22500   37.26250
112      hiv.tx.H B_between_0.05  64.25 47.98750  517.60625
113      hiv.tx.H  B_between_0.1  47.25 35.25000   86.35625
114      hiv.tx.H  B_between_0.2  30.25 22.99375   42.59375
115    hiv.supp.H B_between_0.05  64.25 43.74375  585.66875
116    hiv.supp.H  B_between_0.1  47.25 32.25000   98.51875
117    hiv.supp.H  B_between_0.2  30.25 20.98750   46.27500
118        prep.H B_between_0.05  52.75 32.98125  182.39375
119        prep.H  B_between_0.1  38.50 24.24375   84.53125
120        prep.H  B_between_0.2  24.50 15.50000   38.28125
121  prep.indic.H B_between_0.05  60.75 37.70625  447.44375
122  prep.indic.H  B_between_0.1  45.75 28.46875  109.47500
123  prep.indic.H  B_between_0.2  31.00 19.23750   50.00625
124         num.W B_between_0.05  52.50 37.96875   83.94375
125         num.W  B_between_0.1  40.00 28.98125   59.50000
126         num.W  B_between_0.2  27.50 19.99375   39.03750
127     hiv.inf.W B_between_0.05 579.25 63.96875 1313.81875
128     hiv.inf.W  B_between_0.1  89.00 48.22500  620.81875
129     hiv.inf.W  B_between_0.2  44.75 31.74375  102.02500
130      hiv.dx.W B_between_0.05 538.50 68.18125 1226.77500
131      hiv.dx.W  B_between_0.1  87.50 51.70000  564.20625
132      hiv.dx.W  B_between_0.2  46.25 32.23125   92.42500
133      hiv.tx.W B_between_0.05 181.50 73.50000 1112.90000
134      hiv.tx.W  B_between_0.1  82.00 55.73750  419.88750
135      hiv.tx.W  B_between_0.2  48.25 36.49375   83.30000
136    hiv.supp.W B_between_0.05 175.25 69.96875 1101.18750
137    hiv.supp.W  B_between_0.1  81.75 52.48125  465.21875
138    hiv.supp.W  B_between_0.2  48.00 33.74375   78.87500
139        prep.W B_between_0.05  47.25 32.71875  479.47500
140        prep.W  B_between_0.1  35.50 24.47500   63.25625
141        prep.W  B_between_0.2  23.75 15.99375   36.75625
142  prep.indic.W B_between_0.05  48.25 34.73750  789.03750
143  prep.indic.W  B_between_0.1  36.75 26.73125  101.53125
144  prep.indic.W  B_between_0.2  25.25 18.48750   40.26875
145 gono.uret.inf B_between_0.05  53.00 34.48750  733.66250
146 gono.uret.inf  B_between_0.1  38.50 25.24375  149.92500
147 gono.uret.inf  B_between_0.2  24.00 15.48750   39.75625
148 gono.rect.inf B_between_0.05  53.50 34.96250  787.22500
149 gono.rect.inf  B_between_0.1  38.75 25.46875  145.36250
150 gono.rect.inf  B_between_0.2  24.00 15.24375   38.25625
151 chla.uret.inf B_between_0.05 709.75 45.23750 1236.40625
152 chla.uret.inf  B_between_0.1  87.25 32.73750  549.49375
153 chla.uret.inf  B_between_0.2  32.25 19.73125   64.26250
154 chla.rect.inf B_between_0.05 711.25 49.98125 1318.88750
155 chla.rect.inf  B_between_0.1  94.00 35.99375  625.88750
156 chla.rect.inf  B_between_0.2  35.00 21.45625   82.83125
157      syph.inf B_between_0.05 113.25 67.49375  743.47500
158      syph.inf  B_between_0.1  78.25 46.95625  275.66250
159      syph.inf  B_between_0.2  43.25 25.48125   71.25625
PCs kept: 18 explaining 0.955 
Warning message:
In log(x, base) : NaNs produced
Warning message:
In log(x, base) : NaNs produced
