
Attaching package: ‘dplyr’

The following objects are masked from ‘package:stats’:

    filter, lag

The following objects are masked from ‘package:base’:

    intersect, setdiff, setequal, union

          outcome         mean        sd_pi       cv_pi          sb2
1       cml_incid 1.049868e+04 1.942034e+02 0.018497891 3.834127e+03
2     cml_incid.B 7.946648e+03 1.458333e+02 0.018351549 5.423770e+02
3     cml_incid.H 3.573359e+02 2.073882e+01 0.058037318 6.901420e+00
4     cml_incid.W 2.194695e+03 7.079146e+01 0.032255713 1.433887e+03
5        cml_gono 1.464249e+05 1.312977e+04 0.089668961 7.534667e+07
6        cml_chla 1.633204e+05 9.188337e+03 0.056259565 3.167916e+07
7        cml_syph 2.514615e+04 4.227637e+03 0.168122640 1.332886e+06
8        prev_y15 2.551220e-01 3.586764e-03 0.014059014 9.221254e-06
9  incid_rate_y15 1.404949e+00 5.913197e-02 0.042088351 2.571730e-04
10    dx_frac_y15 8.491996e-01 2.562358e-03 0.003017380 2.537748e-06
11   prep_cov_y15 2.656362e-01 1.744151e-03 0.006565938 2.108617e-08
            sw2       icc_a       icc_w
1  4.282422e+04 0.082174513 -0.13546996
2  2.615257e+04 0.020317591 -0.22970493
3  4.268880e+02 0.015909607  0.00746484
4  4.002482e+03 0.263758168  0.20132958
5  1.198229e+08 0.386057440  0.30493430
6  5.401239e+07 0.369688262  0.36023634
7  1.593154e+07 0.077204234  0.10862126
8  5.710976e-06 0.617540324  0.55607999
9  3.993563e-03 0.060500824 -0.14213066
10 5.773390e-06 0.305343051  0.12067125
11 2.781799e-06 0.007523022  0.08555497
   scenario     outcome    pia_pct pia_se_pp sigma_e_pp lo        hi      p_het
1   s1_test   cml_incid  1.1380151 0.2469267  0.5769850  0  1.389345 0.22284845
2   s1_test cml_incid.B  1.1420892 0.2288209  0.0000000  0  1.145429 0.52428482
3   s1_test cml_incid.H  1.5129321 0.8564478  2.5438443  0  5.068283 0.09915839
4   s1_test cml_incid.W  1.0622203 0.3979113  0.9792884  0  2.259874 0.19782502
5   s1_test    cml_gono -1.1064708 0.9487585  1.4519153  0  5.068535 0.36494178
6   s1_test    cml_chla -1.5660165 0.6123412  1.4663369  0  3.460262 0.21121874
7   s1_test    cml_syph -3.7006786 1.6704808  0.0000000  0  6.266950 0.85524293
8   s2_prep   cml_incid 22.5109407 0.2121442  0.1969391  0  1.103555 0.43417648
9   s2_prep cml_incid.B 20.3859528 0.2102928  0.0000000  0  1.021938 0.58469718
10  s2_prep cml_incid.H 25.8094842 0.7350954  1.8037797  0  4.172546 0.19929255
11  s2_prep cml_incid.W 29.6681273 0.3217068  0.5776427  0  1.745006 0.32360700
12  s2_prep    cml_gono 20.4367171 0.9052425  0.0000000  0  4.559673 0.51061080
13  s2_prep    cml_chla 20.2573248 0.6410100  1.7371920  0  3.712473 0.14792622
14  s2_prep    cml_syph  6.9826797 1.6806300  0.0000000  0  5.298404 0.91268072
15   s3_sti   cml_incid  5.8540843 0.2441794  0.6326741  0  1.400821 0.17161934
16   s3_sti cml_incid.B  4.6828901 0.2274105  0.1608221  0  1.175036 0.45086122
17   s3_sti cml_incid.H  8.6315836 0.7057781  1.4260282  0  3.883736 0.28395215
18   s3_sti cml_incid.W  9.6425686 0.4328453  1.4762485  0  2.662264 0.03583234
19   s3_sti    cml_gono 57.6667034 0.9626583  3.1900928  0  5.869815 0.04700396
20   s3_sti    cml_chla 58.0839115 0.5150743  1.2584544  0  2.921317 0.20142294
21   s3_sti    cml_syph -0.4173726 2.0925378  4.8285635  0 11.748568 0.22866370
     icc_delta prop_in_ci
1  0.048915989       TRUE
2  0.000000000       TRUE
3  0.086890230       TRUE
4  0.055148060       TRUE
5  0.019358792       TRUE
6  0.051754995       TRUE
7  0.000000000       TRUE
8  0.006871531       TRUE
9  0.000000000       TRUE
10 0.054769331       TRUE
11 0.027246507       TRUE
12 0.000000000       TRUE
13 0.069310375       TRUE
14 0.000000000       TRUE
15 0.062241825       TRUE
16 0.003953494       TRUE
17 0.035268649       TRUE
18 0.124935216       TRUE
19 0.115527472       TRUE
20 0.054222684       TRUE
21 0.047530237       TRUE
   scenario        outcome         delta           se     sd_delta        sd_hi
1   s1_test       prev_y15 -0.0008463043 0.0002609460 0.0000000000 0.0012086092
2   s1_test incid_rate_y15 -0.0194270685 0.0075545035 0.0098889833 0.0399115132
3   s1_test    dx_frac_y15  0.0183584147 0.0003358858 0.0008425045 0.0019145389
4   s1_test   prep_cov_y15  0.0010028700 0.0001994609 0.0000000000 0.0008218374
5   s2_prep       prev_y15 -0.0208084082 0.0002583703 0.0000000000 0.0013142258
6   s2_prep incid_rate_y15 -0.3683091134 0.0075818721 0.0174616931 0.0425546762
7   s2_prep    dx_frac_y15  0.0710961474 0.0003174663 0.0010190999 0.0019180542
8   s2_prep   prep_cov_y15  0.1624199070 0.0002092119 0.0000000000 0.0008248309
9    s3_sti       prev_y15 -0.0054657318 0.0003007676 0.0008296296 0.0017487686
10   s3_sti incid_rate_y15 -0.1092691197 0.0081336431 0.0222441767 0.0472013357
11   s3_sti    dx_frac_y15  0.0048750142 0.0003131873 0.0005572120 0.0016971023
12   s3_sti   prep_cov_y15  0.0003458619 0.0001929778 0.0000000000 0.0009501728
        p_het  icc_delta
1  0.66610272 0.00000000
2  0.39445172 0.01394707
3  0.18828595 0.05765490
4  0.79622169 0.00000000
5  0.48830393 0.00000000
6  0.22954542 0.04732199
7  0.06082661 0.10614098
8  0.82759282 0.00000000
9  0.13849375 0.07234318
10 0.14307567 0.07085243
11 0.32634036 0.02671164
12 0.55896113 0.00000000
# A tibble: 3 × 7
  scenario outcome   predictor slope_pp_per_sd    se      p      r2
  <chr>    <chr>     <chr>               <dbl> <dbl>  <dbl>   <dbl>
1 s1_test  cml_incid undx_frac          0.145  0.254 0.571  0.0108 
2 s2_prep  cml_incid prev               0.0993 0.218 0.653  0.00685
3 s3_sti   cml_gono  gono_prev         -2.19   0.910 0.0223 0.162  
  scenario   outcome    scale          unit     paired_1     paired_8
1  s1_test cml_incid relative     pp of PIA 0.7315660676 0.4938534360
2  s1_test  cml_gono relative     pp of PIA 2.3334784872 1.8975170574
3  s1_test  prev_y15 absolute outcome units 0.0005592554 0.0005592554
4  s2_prep cml_incid relative     pp of PIA 0.4625554141 0.4242883715
5  s2_prep  cml_gono relative     pp of PIA 1.8337321477 1.8337321477
6  s2_prep  prev_y15 absolute outcome units 0.0005193548 0.0005193548
7   s3_sti cml_incid relative     pp of PIA 0.7672915217 0.4883588196
8   s3_sti  cml_gono relative     pp of PIA 3.5512603310 1.9253166483
9   s3_sti  prev_y15 absolute outcome units 0.0009818830 0.0006015352
     paired_32   random_32  independent ratio_8_vs_32 ratio_8_vs_32_hi
1 0.4611732310 0.515326585 0.4841710755      1.070863         1.299664
2 1.8447060832 2.791227349 2.3662956746      1.028628         1.257683
3 0.0005592554 0.001203085 0.0009429183      1.000000         1.175620
4 0.4199815793 0.469426291 0.4451128041      1.010255         1.239129
5 1.8337321477 2.772501579 2.3577506814      1.000000         1.218929
6 0.0005193548 0.001185064 0.0009198140      1.000000         1.224836
7 0.4482950080 0.505854248 0.4719208574      1.089369         1.317765
8 1.6591501726 2.717545614 2.2246783996      1.160423         1.385597
9 0.0005452686 0.001205322 0.0009346904      1.103191         1.331167
  ratio_random_vs_8
1          1.043481
2          1.470989
3          2.151226
4          1.106385
5          1.511945
6          2.281800
7          1.035825
8          1.411480
9          2.003743
