
Attaching package: ‘dplyr’

The following objects are masked from ‘package:stats’:

    filter, lag

The following objects are masked from ‘package:base’:

    intersect, setdiff, setequal, union

        arm  sti runs extinct min_prev_year15 median_prev_year15     q01_pi
1  baseline gono  128       0     0.018840672        0.024561839 0.01841418
2  baseline chla  128       0     0.042246053        0.047704833 0.04070760
3  baseline syph  128       0     0.012661002        0.022285494 0.01187489
4   s1_test gono  128       0     0.017022969        0.025033936 0.01841418
5   s1_test chla  128       0     0.042949560        0.049004841 0.04070760
6   s1_test syph  128       0     0.013231036        0.023456287 0.01187489
7   s2_prep gono  128       0     0.008408111        0.015939509 0.01841418
8   s2_prep chla  128       0     0.022123942        0.030244036 0.04070760
9   s2_prep syph  128       0     0.006550001        0.016445715 0.01187489
10   s3_sti gono  128       0     0.001668475        0.003944284 0.01841418
11   s3_sti chla  128       0     0.003465400        0.007371841 0.04070760
12   s3_sti syph  128       0     0.011652989        0.022093801 0.01187489
   runs_below_q01_pi_year15
1                         0
2                         0
3                         0
4                         1
5                         0
6                         0
7                       119
8                       128
9                        21
10                      128
11                      128
12                        1
   sti        q01        q05        q10  min_point points_below_q01
1 gono 0.01841418 0.02016325 0.02109859 0.01724687                1
2 chla 0.04070760 0.04283428 0.04397528 0.04170088                0
3 syph 0.01187489 0.01500633 0.01672902 0.01290458                0
  points_below_q05 points_below_q10
1                1                1
2                3                3
3                2                3
  scenario  sti slope_pp_per_sd  slope_se          p           r2    pia_all
1  s2_prep gono     -1.21518390 0.8331634 0.15508885 6.621399e-02 20.4367171
2  s2_prep chla     -0.09277870 0.5926268 0.87664436 8.163157e-04 20.2573248
3  s2_prep syph     -1.85787214 1.6847974 0.27891348 3.895461e-02  6.9826797
4   s3_sti gono      0.02102264 0.4706987 0.96467220 6.648724e-05 57.6667034
5   s3_sti chla     -0.49956314 0.2650033 0.06913259 1.059103e-01 58.0839115
6   s3_sti syph      3.47314695 2.2663467 0.13588116 7.260044e-02 -0.4173726
  pia_without_low10    diff_pp se_all_pp
1         19.820303 -0.6164138 0.9052425
2         20.128776 -0.1285486 0.6410100
3          6.785458 -0.1972217 1.6806300
4         57.445595 -0.2211087 0.9626583
5         57.944304 -0.1396077 0.5150743
6          1.164767  1.5821397 2.0925378
