
Attaching package: ‘dplyr’

The following objects are masked from ‘package:stats’:

    filter, lag

The following objects are masked from ‘package:base’:

    intersect, setdiff, setequal, union

                                                           check         truth
1                                                  C1 T_var(0.1)  11.000000000
2                                                  C1 T_var(0.2)   7.750000000
3                                                 C1 T_mean(0.1)  37.250000000
4                                                 C1 T_mean(0.2)  30.750000000
5                                                C1 fitted o(70)   0.003132894
6                                           C1 tail window start            NA
7                                             C1 empirical o(70)   0.003132894
8                                                  C2 T_var(0.1)  33.250000000
9                                                  C2 T_var(0.2)  26.500000000
10                                                C2 T_mean(0.1)  66.500000000
11                                                C2 T_mean(0.2)  53.000000000
12                                               C2 fitted o(70)  -0.082751071
13                                          C2 tail window start            NA
14                                            C2 empirical o(70)  -0.082751071
15                                                 C3 T_var(0.1)  18.500000000
16                                                 C3 T_var(0.2)  12.750000000
17                                                C3 T_mean(0.1) 113.250000000
18                                                C3 T_mean(0.2) 101.000000000
19                          C3 T_mean(0.012 = 0.2 MCSE, N = 256) 149.500000000
20                                               C3 fitted o(70)   1.157147063
21                                          C3 tail window start            NA
22                                            C3 empirical o(70)   1.157147063
23           C3 T_mean(0.1), fit from FIT_START (no tail window) 113.250000000
24          C3 fitted o(70), fit from FIT_START (no tail window)   1.157147063
25                                   C0 (stationary) T_mean(0.1)   0.000000000
26                                    C0 (stationary) T_var(0.1)   0.000000000
27                         C3 20-year window-mean offset, B = 50   2.527360674
28                        C3 20-year window-mean offset, B = 100   0.149446370
29                     C3 T_mean(0.1): mean over 30 replications 113.250000000
30      C3 T_mean(0.1): coverage of the 95% CI (30 replications)   0.950000000
31  C3 empirical o(70): coverage of the 95% CI (30 replications)   0.950000000
32 Same-law test, H0: rejection rate, means (200 reps, 5% level)   0.050000000
33       Same-law test, H0: rejection rate, variances (200 reps)   0.050000000
34   Same-law test, H1 mean shift 0.1 SD (a = 0.9): power, means            NA
35   Same-law test, H1 variance x1.1 (a = 0.9): power, variances            NA
36              Energy chain test, H0: rejection rate (100 reps)   0.050000000
37     Energy chain test, H1 shift 0.2 SD in one variable: power            NA
             est           lo           hi            z           criterion
1    9.250000000   7.99375000 4.628750e+01 -0.179141505               in CI
2    7.500000000   6.49375000 1.050000e+01 -0.244617785               in CI
3   38.750000000  33.00000000 5.050625e+01  0.335880043               in CI
4   31.750000000  28.74375000 3.651250e+01  0.504585680               in CI
5    0.004244392  -0.06051046 6.344604e-02  0.035150019               in CI
6    5.000000000   5.00000000 6.000000e+00           NA              report
7    0.067634893  -0.06377337 1.866356e-01  1.009739467               in CI
8   28.750000000  19.25000000 9.369375e+01 -0.236957434               in CI
9   21.000000000  15.23750000 3.351875e+01 -1.179350427               in CI
10  65.000000000  53.48125000 1.158500e+02 -0.094277984               in CI
11  52.000000000  44.50000000 6.425000e+01 -0.198481013               in CI
12  -0.076017472  -0.16341491 2.083638e-02  0.143259299               in CI
13   5.000000000   5.00000000 5.000000e+00           NA              report
14  -0.094260185  -0.20826580 1.232753e-02 -0.204519915               in CI
15  23.250000000  14.99375000 9.856250e+01  0.222810560               in CI
16  15.250000000   9.73750000 2.125625e+01  0.850786761               in CI
17 115.500000000 104.50000000 1.615250e+02  0.154669005               in CI
18 102.750000000  96.49375000 1.142938e+02  0.385393258               in CI
19 153.250000000 138.70625000 1.835388e+03  0.008663973               in CI
20   1.204819006   1.09463545 1.325496e+00  0.809467332               in CI
21  54.000000000  53.00000000 5.400000e+01           NA              report
22   1.177650783   1.05129936 1.319187e+00  0.300030479               in CI
23 114.750000000           NA           NA           NA              report
24   1.199163378           NA           NA           NA              report
25   0.000000000           NA           NA           NA       range 0 to 10
26   8.000000000           NA           NA           NA       range 0 to 10
27   2.598810246   2.48379072 2.749697e+00  1.053312439               in CI
28   0.235862573   0.11755934 3.594676e-01  1.400330765               in CI
29 114.408333333 111.07392534 1.177427e+02  0.680880486               in CI
30   1.000000000           NA           NA           NA              report
31   0.900000000           NA           NA           NA     range 0.83 to 1
32   0.050000000           NA           NA           NA range 0.02 to 0.085
33   0.070000000           NA           NA           NA range 0.02 to 0.085
34   1.000000000           NA           NA           NA      range 0.8 to 1
35   0.990000000           NA           NA           NA              report
36   0.060000000           NA           NA           NA  range 0.01 to 0.11
37   1.000000000           NA           NA           NA              report
   pass
1  TRUE
2  TRUE
3  TRUE
4  TRUE
5  TRUE
6    NA
7  TRUE
8  TRUE
9  TRUE
10 TRUE
11 TRUE
12 TRUE
13   NA
14 TRUE
15 TRUE
16 TRUE
17 TRUE
18 TRUE
19 TRUE
20 TRUE
21   NA
22 TRUE
23   NA
24   NA
25 TRUE
26 TRUE
27 TRUE
28 TRUE
29 TRUE
30   NA
31 TRUE
32 TRUE
33 TRUE
34 TRUE
35   NA
36 TRUE
37   NA

All checks passed: TRUE 
