
Attaching package: ‘dplyr’

The following objects are masked from ‘package:stats’:

    filter, lag

The following objects are masked from ‘package:base’:

    intersect, setdiff, setequal, union

Registered S3 method overwritten by 'tergm':
  method                   from
  simulate_formula.network ergm
Warning message:
replacing previous import ‘ergm::snctrl’ by ‘tergm::snctrl’ when loading ‘EpiModel’ 
        start             fun tolerance      B       lo        hi
1  cold start       cml_incid    0.1 SD  70.50 66.15000  72.25625
2  cold start     cml_incid.B    0.1 SD  72.00 55.49375  78.50625
3  cold start     cml_incid.H    0.1 SD  37.00 33.24375  39.00625
4  cold start     cml_incid.W    0.1 SD  81.25 67.73125  99.26875
5  cold start  incid_rate_y15    0.1 SD  63.00 49.23750  84.27500
6  cold start        prev_y15    0.1 SD 112.00 87.71875 167.60625
7  cold start i.prev.dx.B_y15    0.1 SD 111.00 87.23125 191.40625
8  cold start i.prev.dx.H_y15    0.1 SD  91.75 77.47500 146.60000
9  cold start i.prev.dx.W_y15    0.1 SD  97.75 84.98125 143.76875
10 cold start        M20_prev    0.1 SD 119.75 93.73750 208.08750
11 cold start  M20_incid_rate    0.1 SD  93.00 75.97500 148.20625
12 cold start     M20_dx_frac    0.1 SD  89.75 82.50000 105.00000
13 cold start   M20_supp_frac    0.1 SD  77.50 65.74375 103.32500
14 cold start    M20_prep_cov    0.1 SD  93.50 57.25000 164.63125
15 cold start   M20_gono_prev    0.1 SD  33.25 28.75000  44.66875
16 cold start   M20_chla_prev    0.1 SD  68.25 30.24375 119.70000
17 cold start   M20_syph_prev    0.1 SD  70.75 47.99375  77.51875
18 cold start         M20_num    0.1 SD  88.50 54.74375 166.75000
19 x0 restart       cml_incid    0.1 SD  37.00 30.98750  89.00000
20 x0 restart     cml_incid.B    0.1 SD  30.50 26.75000  76.80625
21 x0 restart     cml_incid.H    0.1 SD  17.00  0.00000  73.00625
22 x0 restart     cml_incid.W    0.1 SD  49.25 39.23750 143.00625
23 x0 restart  incid_rate_y15    0.1 SD  35.75 30.98750  46.75000
24 x0 restart        prev_y15    0.1 SD  67.75 58.46875 148.47500
25 x0 restart i.prev.dx.B_y15    0.1 SD  67.75 57.24375 112.22500
26 x0 restart i.prev.dx.H_y15    0.1 SD  56.25 39.24375 150.29375
27 x0 restart i.prev.dx.W_y15    0.1 SD  70.00 59.23125 195.94375
28 x0 restart        M20_prev    0.1 SD  74.25 63.23125 132.86875
29 x0 restart  M20_incid_rate    0.1 SD  53.25 42.72500 150.56250
30 x0 restart     M20_dx_frac    0.1 SD  78.00 66.23125  91.03125
31 x0 restart   M20_supp_frac    0.1 SD  42.25  0.00000 487.73125
32 x0 restart    M20_prep_cov    0.1 SD  29.75 18.50000 160.59375
33 x0 restart   M20_gono_prev    0.1 SD  48.75 33.46875  80.81250
34 x0 restart   M20_chla_prev    0.1 SD  46.00 39.72500 164.51250
35 x0 restart   M20_syph_prev    0.1 SD  56.25 43.97500 152.80000
36 x0 restart         M20_num    0.1 SD  37.50 31.00000 384.95625
