
Attaching package: ‘dplyr’

The following objects are masked from ‘package:stats’:

    filter, lag

The following objects are masked from ‘package:base’:

    intersect, setdiff, setequal, union

Registered S3 method overwritten by 'tergm':
  method                   from
  simulate_formula.network ergm
Warning message:
replacing previous import ‘ergm::snctrl’ by ‘tergm::snctrl’ when loading ‘EpiModel’ 
                               item                             value
1                         path_to_x data/run/estimates/netest-hpc.rds
2                            nsteps                             31200
3                             start                                 1
4  initialize.FUN is initialize_msm                              TRUE
5                resimulate.network                              TRUE
6                             n_rep                               256
7                           n_batch                                32
8                           n_cores                                 8
9               init$prev.gono.rect                               0.1
10              init$prev.gono.uret                               0.1
11              init$prev.chla.rect                               0.1
12              init$prev.chla.uret                               0.1
13                   init$prev.syph                               0.1
Parameters compared: 82  identical: 82 
                                                                             item
1                     EpiModelHIV-p commit, x0 runs (renv.lock.hpc before update)
2                                           EpiModelHIV-p commit, cold-start runs
3                                                               installed locally
4     R/ files that differ (added, deleted lines, file): 2\t1\tR/mod.prevalence.R
5 R/ files that differ (added, deleted lines, file): 14\t0\tR/utils-calibration.R
                                     value
1 4ab6641fbeb679d94551c32e75ae66b4b24666a1
2 6e6bff150f33b017f6105f298b2079d2acd8e422
3 6e6bff150f33b017f6105f298b2079d2acd8e422
4                                         
5                                         
                                        source             file  network
1         x0 of the variance runs (2026-05-20)  restart-hpc.rds fit_main
2         x0 of the variance runs (2026-05-20)  restart-hpc.rds fit_casl
3         x0 of the variance runs (2026-05-20)  restart-hpc.rds fit_ooff
4 September pool (HPC cold starts, 2026-09-21) restart_pool.rds fit_main
5 September pool (HPC cold starts, 2026-09-21) restart_pool.rds fit_casl
6 September pool (HPC cold starts, 2026-09-21) restart_pool.rds fit_ooff
  netest_coef_local n_points  offset_min  offset_max tie_propensity_ratio
1         -19.17250        1 -0.01113674 -0.01113674            0.9889250
2         -18.56140        1 -0.01113674 -0.01113674            0.9889250
3         -14.19506        1 -0.01113674 -0.01113674            0.9889250
4         -19.17250       62 -0.01470001 -0.01470001            0.9854075
5         -18.56140       62 -0.08699841 -0.08699841            0.9166785
6         -14.19506       62  0.10044179  0.10044179            1.1056593
  num_elig_saved
1          FALSE
2          FALSE
3          FALSE
4           TRUE
5           TRUE
6           TRUE
Class: tbl_df tbl data.frame 
Dim: 7987200 65 
Size: 2 Gb 
Recorded at initialisation: num 
# A tibble: 0 × 5
# ℹ 5 variables: sim <dbl>, syph.inf <dbl>, gono.inf <dbl>, chla.inf <dbl>,
#   hiv.inf <dbl>
           used  (Mb) gc trigger   (Mb)  max used   (Mb)
Ncells  2737607 146.3    4697430  250.9   4697430  250.9
Vcells 14420953 110.1  461779940 3523.2 577224925 4403.9
Max |derive_vars - cycle 1|: 0 
Chains kept: 256  annual object size: 122 Mb 
            var block   week1_mean   year1_mean     year1_sd      pi_mean
1          prev   key 2.147557e-01 2.241506e-01 4.210815e-04 2.549966e-01
2    incid_rate   key           NA 2.290521e+00 7.462243e-02 1.408729e+00
3       dx_frac   key 9.920456e-01 9.484066e-01 1.623314e-03 8.491403e-01
4     supp_frac   key 7.954450e-03 7.202218e-01 1.516309e-03 5.288086e-01
5      prep_cov   key 6.341483e-03 1.129479e-01 1.010159e-03 2.657347e-01
6        prev.B   key 3.327437e-01 3.479650e-01 7.255130e-04 4.012217e-01
7  incid_rate.B   key           NA 4.362326e+00 1.516944e-01 2.654655e+00
8     dx_frac.B   key 9.913553e-01 9.462374e-01 1.746503e-03 8.462770e-01
9   supp_frac.B   key 8.644744e-03 7.143504e-01 1.706298e-03 5.093908e-01
10   prep_cov.B   key 6.071409e-03 1.007930e-01 1.379741e-03 1.967359e-01
11       prev.H   key 1.378581e-01 1.426885e-01 1.135175e-03 1.619799e-01
12 incid_rate.H   key           NA 1.118472e+00 1.810379e-01 8.972364e-01
13    dx_frac.H   key 9.948510e-01 9.576934e-01 7.039633e-03 8.256548e-01
14  supp_frac.H   key 5.148988e-03 7.345882e-01 8.002025e-03 5.102560e-01
15   prep_cov.H   key 4.621933e-03 8.861597e-02 3.899307e-03 2.374986e-01
16       prev.W   key 8.438467e-02 8.767347e-02 3.153660e-04 1.034269e-01
17 incid_rate.W   key           NA 6.717803e-01 4.498202e-02 5.409837e-01
18    dx_frac.W   key 9.947587e-01 9.569254e-01 3.028886e-03 8.652375e-01
19  supp_frac.W   key 5.241250e-03 7.450805e-01 3.022107e-03 6.149473e-01
20   prep_cov.W   key 6.679303e-03 1.255351e-01 1.355165e-03 3.190931e-01
21    gono_prev   key 2.037790e-01 9.954203e-02 1.125799e-03 2.451607e-02
22      gono_ir   key           NA 4.927317e+01 7.579196e-01 1.454964e+01
23    chla_prev   key 1.986284e-01 1.317713e-01 1.265303e-03 4.802484e-02
24      chla_ir   key           NA 3.739358e+01 5.220928e-01 1.638189e+01
25    syph_prev   key 9.995718e-02 1.393916e-01 1.213732e-03 2.249509e-02
26      syph_ir   key           NA 2.385375e+01 3.508738e-01 2.534593e+00
27          num   key 9.999645e+04 9.988024e+04 3.189961e+01 1.000500e+05
          pi_sd      z_week1     z_year1 sd_ratio_year1 pi_mean_x0_runs
1  3.605330e-03  -11.1614819  -8.5556467      0.1167942    2.461531e-01
2  5.916974e-02           NA  14.9027489      1.2611587    1.352720e+00
3  2.586084e-03   55.2593159  38.3847849      0.6277112    8.479322e-01
4  3.126276e-03 -166.6052894  61.2272318      0.4850209    5.280038e-01
5  1.751632e-03 -148.0866134 -87.2253890      0.5766962    2.657932e-01
6  5.071996e-03  -13.5011885 -10.5001388      0.1430429    3.896139e-01
7  1.215744e-01           NA  14.0463011      1.2477493    2.550089e+00
8  2.815106e-03   51.5356243  35.5085568      0.6204039    8.450496e-01
9  3.484537e-03 -143.7051908  58.8197509      0.4896771    5.090287e-01
10 2.359092e-03  -80.8211716 -40.6694384      0.5848612    1.974819e-01
11 6.245475e-03   -3.8622827  -3.0888650      0.1817595    1.540949e-01
12 1.562869e-01           NA   1.4155756      1.1583690    8.500475e-01
13 1.345846e-02   12.5717365   9.8108249      0.5230639    8.246304e-01
14 1.728289e-02  -29.2258368  12.9800105      0.4630026    5.100371e-01
15 7.195405e-03  -32.3646310 -20.6913434      0.5419163    2.378219e-01
16 2.572136e-03   -7.4032629  -6.1246355      0.1226086    9.750079e-02
17 4.221489e-02           NA   3.0983501      1.0655485    5.086485e-01
18 5.143813e-03   25.1799983  17.8248874      0.5888406    8.644885e-01
19 6.902886e-03  -88.3262538  18.8520006      0.4378033    6.146362e-01
20 2.532607e-03 -123.3565837 -76.4263817      0.5350870    3.192298e-01
21 2.578979e-03   69.5092645  29.0913436      0.4365289    2.047692e-02
22 1.548903e+00           NA  22.4181374      0.4893266    1.212879e+01
23 3.061719e-03   49.1892167  27.3527560      0.4132654    4.270629e-02
24 1.069402e+00           NA  19.6480828      0.4882102    1.454089e+01
25 4.408392e-03   17.5715061  26.5168215      0.2753230    1.781476e-02
26 5.414523e-01           NA  39.3740279      0.6480234    2.008847e+00
27 3.163298e+02   -0.1692247  -0.5366136      0.1008429    1.000752e+05
