
Attaching package: ‘dplyr’

The following objects are masked from ‘package:stats’:

    filter, lag

The following objects are masked from ‘package:base’:

    intersect, setdiff, setequal, union

Drift flags: 7 of 106 
         var block  period  mean_drift     mean_lo      mean_hi   var_drift
1        num   key 300-600 -0.05267944 -0.09832842 -0.005809130 -0.05051843
2      num.B state 300-600 -0.07564807 -0.12216274 -0.028084052 -0.01940751
3  hiv.inf.B state 300-600 -0.05762627 -0.10696781 -0.007521285 -0.03961581
4   hiv.dx.B state 300-600 -0.05637070 -0.10826175 -0.008119007 -0.03966694
5   hiv.tx.B state 300-600 -0.05393990 -0.10675879 -0.013085399 -0.02308104
6 hiv.supp.B state 300-600 -0.05383905 -0.09735921 -0.001390702 -0.02268039
7      num.H state 300-600  0.01786487 -0.03260653  0.066801187  0.06346508
        var_lo      var_hi mean_flag var_flag flag
1 -0.110259296 0.007010413      TRUE    FALSE TRUE
2 -0.082269922 0.047087207      TRUE    FALSE TRUE
3 -0.089263034 0.016291870      TRUE    FALSE TRUE
4 -0.092733410 0.016415047      TRUE    FALSE TRUE
5 -0.079466185 0.028929076      TRUE    FALSE TRUE
6 -0.077729035 0.027489487      TRUE    FALSE TRUE
7  0.005700018 0.112965308     FALSE     TRUE TRUE
           statistic max_abs_z     p_global
1    mean difference 33.217444 0.0004997501
2 log variance ratio  7.279101 0.0004997501
             var   block      mu_cold        mu_x0      sd_cold        sd_x0
1           prev     key 2.549966e-01 2.461531e-01 3.605330e-03 3.683400e-03
2         prev.W     key 1.034269e-01 9.750079e-02 2.572136e-03 2.625982e-03
3         prev.B     key 4.012217e-01 3.896139e-01 5.071996e-03 5.159393e-03
4    i.prev.dx.B project 3.395458e-01 3.292441e-01 4.522046e-03 4.575753e-03
5      hiv.inf.W   state 4.687357e+03 4.419633e+03 1.174457e+02 1.190339e+02
6    i.prev.dx.W project 8.948921e-02 8.428869e-02 2.303694e-03 2.341425e-03
7       hiv.dx.W   state 4.055697e+03 3.820740e+03 1.052242e+02 1.061829e+02
8       hiv.dx.B   state 1.697423e+04 1.646517e+04 2.412604e+02 2.408305e+02
9       hiv.tx.W   state 2.919687e+03 2.751585e+03 7.949419e+01 8.012234e+01
10    hiv.supp.W   state 2.882464e+03 2.716456e+03 7.866294e+01 7.926425e+01
11     hiv.inf.B   state 2.005749e+04 1.948421e+04 2.733382e+02 2.737605e+02
12      hiv.tx.B   state 1.039304e+04 1.008889e+04 1.554299e+02 1.555411e+02
13    hiv.supp.B   state 1.021706e+04 9.917991e+03 1.531856e+02 1.533012e+02
14     chla_prev     key 4.802484e-02 4.270629e-02 3.061719e-03 3.088549e-03
15    ir100.chla project 1.721205e+01 1.519331e+01 1.178232e+00 1.170146e+00
16 chla.rect.inf   state 2.777080e+03 2.465350e+03 1.810946e+02 1.817628e+02
17       chla_ir     key 1.638189e+01 1.454089e+01 1.069402e+00 1.073615e+00
18 chla.uret.inf   state 2.134944e+03 1.893653e+03 1.406433e+02 1.406512e+02
19    ir100.gono project 1.491958e+01 1.238657e+01 1.627126e+00 1.612098e+00
20     gono_prev     key 2.451607e-02 2.047692e-02 2.578979e-03 2.586403e-03
21       gono_ir     key 1.454964e+01 1.212879e+01 1.548903e+00 1.547333e+00
22 gono.rect.inf   state 1.575226e+03 1.315466e+03 1.666290e+02 1.667207e+02
23 gono.uret.inf   state 8.972391e+02 7.475782e+02 9.623822e+01 9.590914e+01
24  prep.indic.B   state 2.020012e+04 2.050207e+04 2.118665e+02 2.155413e+02
25        prev.H     key 1.619799e-01 1.540949e-01 6.245475e-03 6.286734e-03
      d_mean d_mean_lo d_mean_hi  pct_diff    pct_lo    pct_hi var_ratio
1   2.426470  2.335336  2.518324  3.592661  3.480813  3.701386 0.9580590
2   2.279966  2.187580  2.369817  6.077987  5.877954  6.278494 0.9594104
3   2.268965  2.185175  2.350758  2.979296  2.887735  3.071819 0.9664084
4   2.264607  2.181975  2.348632  3.128879  3.032671  3.226651 0.9766632
5   2.264194  2.174463  2.351761  6.057601  5.863918  6.244309 0.9734931
6   2.239060  2.148279  2.326298  6.169893  5.963347  6.368743 0.9680299
7   2.222768  2.135699  2.307935  6.149511  5.943818  6.338012 0.9820239
8   2.111919  2.031006  2.193870  3.091791  2.992817  3.192700 1.0035735
9   2.106312  2.029318  2.182689  6.109296  5.909328  6.300920 0.9843817
10  2.102319  2.025406  2.178367  6.111193  5.910913  6.302891 0.9848852
11  2.095696  2.015612  2.175914  2.942262  2.842677  3.038887 0.9969170
12  1.956111  1.884544  2.025286  3.014673  2.915530  3.110845 0.9985698
13  1.951591  1.880118  2.020332  3.015413  2.915935  3.111166 0.9984924
14  1.729519  1.681331  1.779095 12.453795 12.138111 12.783524 0.9827016
15  1.719255  1.672168  1.767874 13.287048 12.950663 13.637532 1.0138671
16  1.718188  1.670751  1.766645 12.644416 12.321020 12.977379 0.9926611
17  1.718134  1.671164  1.766652 12.660840 12.341087 12.993130 0.9921668
18  1.715577  1.667892  1.765476 12.742096 12.415704 13.080629 0.9998873
19  1.563942  1.514545  1.606085 20.449612 19.769638 21.073141 1.0187309
20  1.563930  1.514503  1.607121 19.725380 19.076880 20.327080 0.9942673
21  1.563739  1.514358  1.605911 19.959562 19.298338 20.567434 1.0020311
22  1.558484  1.510198  1.602571 19.746609 19.105808 20.342052 0.9989006
23  1.557769  1.508277  1.601532 20.019426 19.357608 20.625754 1.0068741
24 -1.412911 -1.470365 -1.349516 -1.472806 -1.533538 -1.406556 0.9661928
25  1.258354  1.196157  1.322590  5.116988  4.863269  5.375328 0.9869175
       vr_lo    vr_hi    z_mean       p_mean        z_var     p_var
1  0.8725564 1.046569  33.21744 0.0004997501 -1.026969388 0.3148426
2  0.8779349 1.042934  31.82070 0.0004997501 -1.028372216 0.3053473
3  0.8838044 1.051682  31.93353 0.0004997501 -0.848744599 0.3898051
4  0.8973670 1.061597  31.90942 0.0004997501 -0.593348950 0.5617191
5  0.8864228 1.056468  31.62703 0.0004997501 -0.662601570 0.5087456
6  0.8850022 1.052042  31.49936 0.0004997501 -0.809848090 0.4157921
7  0.8975178 1.065339  31.29719 0.0004997501 -0.449207450 0.6496752
8  0.9299525 1.086663  30.30971 0.0004997501  0.087041472 0.9435282
9  0.9104027 1.055178  30.43232 0.0004997501 -0.412798551 0.6801599
10 0.9113226 1.055256  30.40107 0.0004997501 -0.399950471 0.6916542
11 0.9211649 1.079338  30.14561 0.0004997501 -0.074443566 0.9550225
12 0.9337920 1.070274  29.20525 0.0004997501 -0.038252793 0.9655172
13 0.9340830 1.070014  29.17272 0.0004997501 -0.040439231 0.9670165
14 0.9318147 1.028831  28.18110 0.0004997501 -0.652187071 0.5072464
15 0.9626935 1.060022  28.12353 0.0004997501  0.521082311 0.5967016
16 0.9406111 1.037442  28.06417 0.0004997501 -0.274178527 0.7946027
17 0.9421152 1.037014  28.11724 0.0004997501 -0.298213083 0.7731134
18 0.9494624 1.044995  28.05943 0.0004997501 -0.004196048 0.9965017
19 0.9624409 1.067590  26.87925 0.0004997501  0.668988167 0.5092454
20 0.9380361 1.042262  26.86311 0.0004997501 -0.205958248 0.8430785
21 0.9465821 1.050050  26.87754 0.0004997501  0.073187551 0.9465267
22 0.9435411 1.047421  26.80280 0.0004997501 -0.039356280 0.9680160
23 0.9507581 1.056208  26.80941 0.0004997501  0.245696568 0.8045977
24 0.9021580 1.028525 -24.80999 0.0004997501 -0.960071342 0.3428286
25 0.9268467 1.058494  23.57449 0.0004997501 -0.357140422 0.7171414
                         comparison n_components n_cross_sections      energy
1             cold start vs x0 runs           18               13 0.427796608
2 placebo: two halves of cold start           NA               13 0.008278227
  null_median    null_q95            p
1 0.004470626 0.007697657 0.0004997501
2 0.007846766 0.010921757 0.3953023488
Registered S3 method overwritten by 'tergm':
  method                   from
  simulate_formula.network ergm
Warning message:
replacing previous import ‘ergm::snctrl’ by ‘tergm::snctrl’ when loading ‘EpiModel’ 
           target       variable target_value     pi_cold     sd_cold
1         cc.dx.B      dx_frac.B        0.847  0.84627702 0.002815106
2         cc.dx.H      dx_frac.H        0.818  0.82565484 0.013458457
3         cc.dx.W      dx_frac.W        0.862  0.86523754 0.005143813
4      cc.vsupp.B     cc.vsupp.B        0.602  0.60191959 0.003579742
5      cc.vsupp.H     cc.vsupp.H        0.620  0.61800151 0.018346379
6      cc.vsupp.W     cc.vsupp.W        0.712  0.71072662 0.006771102
7      ir100.gono     ir100.gono       12.810 14.91957542 1.627125655
8      ir100.chla     ir100.chla       14.590 17.21205408 1.178231746
9      ir100.syph     ir100.syph        2.000  2.59529912 0.564741488
10    i.prev.dx.B    i.prev.dx.B        0.330  0.33954580 0.004522046
11    i.prev.dx.H    i.prev.dx.H        0.127  0.13374128 0.005640005
12    i.prev.dx.W    i.prev.dx.W        0.084  0.08948921 0.002303694
13 ir100.hiv.dx.B ir100.hiv.dx.B        2.596  2.19097354 0.093519973
14 ir100.hiv.dx.H ir100.hiv.dx.H        1.588  0.77385928 0.139661925
15 ir100.hiv.dx.W ir100.hiv.dx.W        0.380  0.48946234 0.037308177
16      cc.prep.B     prep_cov.B        0.199  0.19673595 0.002359092
17      cc.prep.H     prep_cov.H        0.229  0.23749857 0.007195405
18      cc.prep.W     prep_cov.W        0.321  0.31909308 0.002532607
19        cc.prep       prep_cov        0.203  0.26573467 0.001751632
20  disease.mr100  disease.mr100        0.273  0.26006517 0.031924516
   gap_cold_pct gap_cold_sd       pi_x0  gap_x0_pct   gap_x0_sd
1   -0.08535793 -0.25682219  0.84504958 -0.23027385 -0.68426232
2    0.93579927  0.56877531  0.82463040  0.81056189  0.48197095
3    0.37558437  0.62940411  0.86448847  0.28868522  0.47219087
4   -0.01335776 -0.02246355  0.60236515  0.06065628  0.10217511
5   -0.32233726 -0.10893109  0.61849847 -0.24218150 -0.08018683
6   -0.17884573 -0.18806120  0.71098198 -0.14298009 -0.14694341
7   16.46819223  1.29650431 12.38656994 -3.30546492 -0.26265782
8   17.97158380  2.22541455 15.19331153  4.13510301  0.51558635
9   29.76495615  1.05410907  2.04770026  2.38501319  0.08517349
10   2.89266665  2.11094709  0.32924415 -0.22904577 -0.16518616
11   5.30809686  1.19526194  0.12707290  0.05740058  0.01293286
12   6.53477948  2.38278847  0.08428869  0.34368156  0.12329776
13 -15.60194385 -4.33090869          NA          NA          NA
14 -51.26830739 -5.82936774          NA          NA          NA
15  28.80588024  2.93400409          NA          NA          NA
16  -1.13771403 -0.95971305  0.19748195 -0.76284156 -0.64670019
17   3.71116693  1.18111098  0.23782188  3.85235100  1.22573571
18  -0.59405667 -0.75294814  0.31922975 -0.55147825 -0.70155148
19  30.90377939 35.81499255  0.26579321 30.93261401 36.02709906
20  -4.73803290 -0.40516918  0.25934259 -5.00271420 -0.41922071
