
Attaching package: ‘dplyr’

The following objects are masked from ‘package:stats’:

    filter, lag

The following objects are masked from ‘package:base’:

    intersect, setdiff, setequal, union

Registered S3 method overwritten by 'tergm':
  method                   from
  simulate_formula.network ergm
Warning message:
replacing previous import ‘ergm::snctrl’ by ‘tergm::snctrl’ when loading ‘EpiModel’ 
# A tibble: 1 × 3
  n_states pass_sti_filter min_ir100_syph_ratio
     <int>           <dbl>                <dbl>
1   109474           0.968               0.0200
       strategy        outcome  mean_bias_sd mean_bias_pct   rmse_sd
1      keep_q_1      cml_incid -0.0005807866  -0.001109175 0.1728860
2   keep_q_0.75      cml_incid -0.0136609260  -0.026089376 0.1720951
3    keep_q_0.5      cml_incid -0.0120516115  -0.023015938 0.1714831
4   keep_q_0.25      cml_incid -0.0181678883  -0.034696687 0.1744722
5  keep_q_0.125      cml_incid -0.0277654952  -0.053026014 0.1693496
6  weight_f_0.5      cml_incid -0.0680643331  -0.129987968 0.7396427
7    weight_f_1      cml_incid -0.0378209249  -0.072229683 0.2922216
8    weight_f_2      cml_incid -0.0171742419  -0.032799040 0.1868088
9    weight_f_5      cml_incid -0.0053829971  -0.010280345 0.1889853
10  weight_f_10      cml_incid  0.0062112019   0.011862035 0.1851197
11   sti_filter      cml_incid  0.0092709436   0.017705472 0.1730031
12     keep_q_1 i.prev.dx.B_15 -0.0025366322  -0.003508850 0.1775271
13  keep_q_0.75 i.prev.dx.B_15 -0.0171159365  -0.023675981 0.1600510
14   keep_q_0.5 i.prev.dx.B_15 -0.0304738094  -0.042153541 0.1604139
15  keep_q_0.25 i.prev.dx.B_15 -0.0342235195  -0.047340407 0.1533407
16 keep_q_0.125 i.prev.dx.B_15 -0.0479295290  -0.066299535 0.1516235
17 weight_f_0.5 i.prev.dx.B_15 -0.0870849894  -0.120462154 0.5673941
18   weight_f_1 i.prev.dx.B_15 -0.0608965684  -0.084236466 0.2422601
19   weight_f_2 i.prev.dx.B_15 -0.0239122193  -0.033077083 0.1718547
20   weight_f_5 i.prev.dx.B_15 -0.0083848670  -0.011598545 0.1867188
21  weight_f_10 i.prev.dx.B_15  0.0049947395   0.006909079 0.1842777
22   sti_filter i.prev.dx.B_15  0.0157620360   0.021803170 0.1700394
   mean_var_ratio mean_dist_to_targets   mean_ess
1       0.9945673             4.377702         NA
2       0.9866262             4.014046         NA
3       0.9713144             3.716547         NA
4       0.9491096             3.363134         NA
5       0.9428034             3.095704         NA
6       0.4029281             2.358520   2.196333
7       0.8845599             2.910331  19.528816
8       0.9665475             3.780889 157.588870
9       0.9785864             4.265149 248.903999
10      0.9956174             4.345890 253.646537
11      0.9844755             4.364819         NA
12      0.9964106             4.377702         NA
13      0.8545616             4.014046         NA
14      0.7749843             3.716547         NA
15      0.7061950             3.363134         NA
16      0.6743360             3.095704         NA
17      0.2483533             2.358520   2.196333
18      0.6102380             2.910331  19.528816
19      0.8010147             3.780889 157.588870
20      0.9423200             4.265149 248.903999
21      0.9823440             4.345890 253.646537
22      0.9805349             4.364819         NA
