
Attaching package: ‘dplyr’

The following objects are masked from ‘package:stats’:

    filter, lag

The following objects are masked from ‘package:base’:

    intersect, setdiff, setequal, union

Registered S3 method overwritten by 'tergm':
  method                   from
  simulate_formula.network ergm
# A tibble: 3 × 6
  file              modified             nsims best_sim abs_distance exact_match
  <chr>             <chr>                <int>    <int>        <dbl> <lgl>      
1 restart-hpc.rds   2026-05-20 10:41:41…     1        1            0 TRUE       
2 restart-local.rds 2026-05-11 16:20:26…     1        1       303259 FALSE      
3 restart_pool.rds  2026-09-21 10:19:48…    62       45        16075 FALSE      
Parameters that differ (> 1% or absent in x0): 20 of 122 
               var  kind x0_row       week1 median_wk2_26 first_stat
1    gono.uret.inf stock    727   767.77165     846.51575  40.771654
2         chla.inf stock   2585  2545.37402    2757.00394 -39.625984
3         gono.inf stock   2088  2131.68898    2301.00394  43.688976
4  chla.uret.incid  flow    189   158.14961     120.63780 158.149606
5         hiv.supp stock  12828 12843.18504   12855.10236  15.185039
6    chla.rect.inf stock   1696  1677.95669    1644.84252 -18.043307
7      hiv.incid.B  flow     16    18.42126      15.96457  18.421260
8         syph.inf stock   1207  1219.87402    1245.21260  12.874016
9        hiv.incid  flow     24    23.68504      21.02362  23.685039
10   chla.uret.inf stock    910   885.57874    1140.55512 -24.421260
11      hiv.supp.B stock   9808  9816.36220    9821.14961   8.362205
12      chla.incid  flow    264   223.40157     207.76772 223.401575
    ref_median   ref_mad    z_first flow_x0_vs_wk2_26_pct
1    3.9055118 1.5701551  23.479299                    NA
2   17.8582677 3.8349142 -14.989710                    NA
3    9.9645669 2.5040764  13.467804                    NA
4  120.6377953 3.0761031  12.194588            56.6673194
5    0.6181102 1.7744504   8.209263                    NA
6    4.5511811 2.8076008  -8.047614                    NA
7   15.9645669 0.3443835   7.133597             0.2219482
8    4.3188976 1.3483488   6.344885                    NA
9   21.0236220 0.4202646   6.332719            14.1573034
10  14.2795276 6.8176252  -5.676579                    NA
11  -0.4606299 1.8795165   4.694204                    NA
12 207.7677165 3.7006630   4.224610            27.0649764
          target      variable target_value     pi_mean       pi_sd
1        cc.dx.B     dx_frac.B        0.847  0.84504958 0.002850397
2        cc.dx.H     dx_frac.H        0.818  0.82463040 0.013756838
3        cc.dx.W     dx_frac.W        0.862  0.86448847 0.005270044
4     cc.vsupp.B    cc.vsupp.B        0.602  0.60236515 0.003573775
5     cc.vsupp.H    cc.vsupp.H        0.620  0.61849847 0.018725335
6     cc.vsupp.W    cc.vsupp.W        0.712  0.71098198 0.006927961
7     ir100.gono    ir100.gono       12.810 12.38656994 1.612097654
8     ir100.chla    ir100.chla       14.590 15.19331153 1.170146424
9     ir100.syph    ir100.syph        2.000  2.04770026 0.560036499
10   i.prev.dx.B   i.prev.dx.B        0.330  0.32924415 0.004575753
11   i.prev.dx.H   i.prev.dx.H        0.127  0.12707290 0.005636707
12   i.prev.dx.W   i.prev.dx.W        0.084  0.08428869 0.002341425
13     cc.prep.B    prep_cov.B        0.199  0.19748195 0.002347386
14     cc.prep.H    prep_cov.H        0.229  0.23782188 0.007197215
15     cc.prep.W    prep_cov.W        0.321  0.31922975 0.002523329
16       cc.prep      prep_cov        0.203  0.26579321 0.001742944
17 disease.mr100 disease.mr100        0.273  0.25934259 0.032578089
       z_target rel_gap_pct x0_run_mean_h70 x0_run_sd_h70        z_h70
1    0.68426232 -0.23027385      0.84536710   0.002818871  0.111393292
2   -0.48197095  0.81056189      0.82597649   0.013776578  0.097849082
3   -0.47219087  0.28868522      0.86510027   0.005850970  0.116090576
4   -0.10217511  0.06065628      0.60224009   0.003338562 -0.034993595
5    0.08018683 -0.24218150      0.61734058   0.016663572 -0.061835528
6    0.14694341 -0.14298009      0.71047447   0.006933522 -0.073255008
7    0.26265782 -3.30546492     12.25553147   1.519520171 -0.081284451
8   -0.51558635  4.13510301     15.14013925   1.060648150 -0.045440703
9   -0.08517349  2.38501319      2.05233072   0.545281637  0.008268138
10   0.16518616 -0.22904577      0.33025603   0.004282900  0.221138777
11  -0.01293286  0.05740058      0.12785995   0.005534022  0.139630155
12  -0.12329776  0.34368156      0.08475442   0.002149205  0.198906520
13   0.64670019 -0.76284156      0.19757210   0.002343061  0.038406694
14  -1.22573571  3.85235100      0.23824343   0.007773569  0.058571046
15   0.70155148 -0.55147825      0.31914810   0.002577551 -0.032359950
16 -36.02709906 30.93261401      0.26582970   0.001668494  0.020935731
17   0.41922071 -5.00271420      0.26179333   0.032767666  0.075226496
