
Attaching package: ‘dplyr’

The following objects are masked from ‘package:stats’:

    filter, lag

The following objects are masked from ‘package:base’:

    intersect, setdiff, setequal, union

          var functional  h  icc_w icc_w_lo icc_w_hi lb_cold lb_cold_lo
1        prev      value  5 0.9235  0.91022    0.935 0.89788   0.892680
2        prev      value 10 0.8001  0.76049    0.829 0.75752   0.743010
3        prev      value 20 0.5677  0.47113    0.645 0.47583   0.454790
4        prev      value 30 0.3876  0.27931    0.492 0.25172   0.224450
5        prev        M20  0 0.8426  0.80858    0.867 0.80296   0.791640
6        prev        M20 10 0.5837  0.49488    0.662 0.50800   0.485300
7        prev        M20 20 0.3843  0.27919    0.497 0.27266   0.249120
8  incid_rate      value  5 0.0745 -0.07325    0.214 0.07555   0.067144
9  incid_rate      value 10 0.1723  0.03399    0.310 0.04581   0.038771
10 incid_rate      value 20 0.1478  0.00596    0.282 0.02279   0.017269
11 incid_rate      value 30 0.1315 -0.07025    0.284 0.00411   0.001653
12 incid_rate        M20  0 0.3723  0.24604    0.483 0.30905   0.284940
13 incid_rate        M20 10 0.2886  0.15410    0.406 0.13739   0.117900
14 incid_rate        M20 20 0.2390  0.06008    0.389 0.05182   0.037832
15    dx_frac      value  5 0.2895  0.18645    0.384 0.23252   0.219290
16    dx_frac      value 10 0.2065  0.07210    0.349 0.13332   0.121150
17    dx_frac      value 20 0.0402 -0.15208    0.203 0.08856   0.078793
18    dx_frac      value 30 0.0922 -0.01233    0.192 0.05220   0.043520
19    dx_frac        M20  0 0.3619  0.23448    0.470 0.35519   0.335750
20    dx_frac        M20 10 0.2370  0.08911    0.366 0.21712   0.195790
21    dx_frac        M20 20 0.0457 -0.17658    0.251 0.12620   0.107160
22  gono_prev      value  5 0.5163  0.41990    0.598 0.36366   0.346670
23  gono_prev      value 10 0.3498  0.21434    0.451 0.15474   0.139650
24  gono_prev      value 20 0.2547  0.12560    0.372 0.04874   0.038113
25  gono_prev      value 30 0.0817 -0.09016    0.241 0.01131   0.005461
26  gono_prev        M20  0 0.5440  0.45763    0.622 0.34594   0.326350
27  gono_prev        M20 10 0.3034  0.18428    0.405 0.09164   0.076668
28  gono_prev        M20 20 0.1874  0.01913    0.348 0.02846   0.017917
29  syph_prev      value  5 0.4322  0.34175    0.509 0.35019   0.336440
30  syph_prev      value 10 0.1901  0.05175    0.313 0.08287   0.070160
31  syph_prev      value 20 0.1510 -0.02032    0.304 0.02250   0.015725
32  syph_prev      value 30 0.0675 -0.15349    0.239 0.00386   0.000287
33  syph_prev        M20  0 0.4341  0.32397    0.530 0.28567   0.269900
34  syph_prev        M20 10 0.1630  0.03908    0.286 0.04552   0.034709
35  syph_prev        M20 20 0.0961 -0.12484    0.282 0.01298   0.005329
36        num      value  5 0.8891  0.86644    0.912 0.80937   0.800300
37        num      value 10 0.7484  0.70797    0.795 0.63153   0.614840
38        num      value 20 0.5580  0.48821    0.623 0.35208   0.329400
39        num      value 30 0.4901  0.39473    0.570 0.16621   0.146460
40        num        M20  0 0.8138  0.77962    0.847 0.71485   0.701980
41        num        M20 10 0.5930  0.52711    0.654 0.39749   0.375830
42        num        M20 20 0.4812  0.40421    0.552 0.18387   0.162760
43  hiv.incid      cml10  5 0.2479  0.07331    0.402 0.14663   0.130250
   lb_cold_hi lb_x0_cycle1 x0_single_point unobserved lb_inside_ci
1     0.90262       0.9025          0.9169    0.02558        FALSE
2     0.77060       0.7672          0.8273    0.04258        FALSE
3     0.49899       0.4855          0.6503    0.09189         TRUE
4     0.27604       0.2678          0.4416    0.13591        FALSE
5     0.81404       0.8095          0.8634    0.03968        FALSE
6     0.53033       0.5199          0.6645    0.07574         TRUE
7     0.29548       0.2897          0.4660    0.11165        FALSE
8     0.08478       0.0835         -0.0913   -0.00109         TRUE
9     0.05243       0.0534          0.1644    0.12645         TRUE
10    0.02829       0.0254          0.0693    0.12504         TRUE
11    0.00669       0.0103         -0.1121    0.12740         TRUE
12    0.33198       0.3212          0.4732    0.06321         TRUE
13    0.15426       0.1467          0.3206    0.15123        FALSE
14    0.06621       0.0650          0.2473    0.18720        FALSE
15    0.24512       0.2251          0.1319    0.05702         TRUE
16    0.14514       0.1239          0.2063    0.07321         TRUE
17    0.09874       0.0849          0.1358   -0.04840         TRUE
18    0.06139       0.0526          0.0278    0.03996         TRUE
19    0.37297       0.3384          0.4162    0.00675         TRUE
20    0.23621       0.2094          0.2991    0.01989         TRUE
21    0.14272       0.1294          0.1884   -0.08049         TRUE
22    0.37884       0.4132          0.4360    0.15261        FALSE
23    0.16848       0.1831          0.3084    0.19506        FALSE
24    0.05792       0.0609          0.2506    0.20597        FALSE
25    0.01707       0.0255          0.2607    0.07039         TRUE
26    0.36572       0.3767          0.5849    0.19808        FALSE
27    0.10803       0.1080          0.4129    0.21172        FALSE
28    0.03865       0.0416          0.2530    0.15899         TRUE
29    0.36303       0.4478          0.2915    0.08203         TRUE
30    0.09406       0.1380          0.1877    0.10722         TRUE
31    0.02893       0.0334          0.2604    0.12849         TRUE
32    0.00739       0.0103          0.1749    0.06363         TRUE
33    0.30067       0.3419          0.4738    0.14841        FALSE
34    0.05758       0.0635          0.3982    0.11748         TRUE
35    0.02000       0.0192          0.3736    0.08309         TRUE
36    0.81767       0.8121          0.8793    0.07973        FALSE
37    0.64627       0.6373          0.7481    0.11690        FALSE
38    0.37304       0.3600          0.5905    0.20591        FALSE
39    0.18478       0.1729          0.3593    0.32392        FALSE
40    0.72688       0.7193          0.8221    0.09894        FALSE
41    0.41771       0.4043          0.5932    0.19553        FALSE
42    0.20464       0.1923          0.3920    0.29733        FALSE
43    0.16222           NA              NA    0.10122         TRUE
